SPY 2024-10-02 2024-12-31 3983
SPY 2025-01-01 2025-03-31 7824
SPY 2025-04-01 2025-06-30 11794
SPY 2025-07-01 2025-09-30 15871
SPY 2025-10-01 2025-12-31 19924
SPY 2026-01-01 2026-03-31 23828
SPY 2026-04-01 2026-06-30 27796
SPY 2026-07-01 2026-09-30 31892
SPY 2026-10-01 2026-10-01 31956
QQQ 2024-10-02 2024-12-31 3984
QQQ 2025-01-01 2025-03-31 7824
QQQ 2025-04-01 2025-06-30 11792
QQQ 2025-07-01 2025-09-30 15863
QQQ 2025-10-01 2025-12-31 19913
QQQ 2026-01-01 2026-03-31 23817
QQQ 2026-04-01 2026-06-30 27785
QQQ 2026-07-01 2026-09-30 31881
QQQ 2026-10-01 2026-10-01 31945
{
 "SPY": {
  "bars": 31956,
  "regular_bars": 12971,
  "first": "2024-10-02 04:00:00-04:00",
  "last": "2026-10-01 19:45:00-04:00",
  "regular_days": 501
 },
 "QQQ": {
  "bars": 31945,
  "regular_bars": 12971,
  "first": "2024-10-02 04:00:00-04:00",
  "last": "2026-10-01 19:45:00-04:00",
  "regular_days": 501
 }
}
